============================= test session starts =============================
platform win32 -- Python 3.11.0, pytest-9.0.2, pluggy-1.6.0
rootdir: C:\Users\mrabr\OneDrive\Desktop\Evalyn\backend
configfile: pyproject.toml
plugins: anyio-4.12.0, langsmith-0.6.4, asyncio-1.3.0
asyncio: mode=Mode.STRICT, debug=False, asyncio_default_fixture_loop_scope=None, asyncio_default_test_loop_scope=function
collected 1 item

backend\tests\test_flow.py E                                             [100%]

=================================== ERRORS ====================================
______________________ ERROR at setup of test_full_flow _______________________

self = ARRAY(String())
visitor = <sqlalchemy.dialects.sqlite.base.SQLiteTypeCompiler object at 0x00000210B40B9750>
kw = {'type_expression': Column('required_skills', ARRAY(String()), table=<posts>, comment='Required skills')}

    def _compiler_dispatch(
        self: Visitable, visitor: Any, **kw: Any
    ) -> str:
        """Look for an attribute named "visit_<visit_name>" on the
        visitor, and call it with the same kw params.
    
        """
        try:
>           meth = getter(visitor)
                   ^^^^^^^^^^^^^^^
E           AttributeError: 'SQLiteTypeCompiler' object has no attribute 'visit_ARRAY'

..\..\..\AppData\Local\Programs\Python\Python311\Lib\site-packages\sqlalchemy\sql\visitors.py:134: AttributeError

The above exception was the direct cause of the following exception:

self = <sqlalchemy.dialects.sqlite.base.SQLiteDDLCompiler object at 0x00000210B41FB2D0>
create = <sqlalchemy.sql.ddl.CreateTable object at 0x00000210B41E9050>, kw = {}
table = Table('posts', MetaData(), Column('id', Integer(), table=<posts>, primary_key=True, nullable=False), Column('title', S...ion Posts.<lambda> at 0x00000210B2FA7C40>)), Column('deleted_at', DateTime(timezone=True), table=<posts>), schema=None)
preparer = <sqlalchemy.dialects.sqlite.base.SQLiteIdentifierPreparer object at 0x00000210B40751D0>
text = '\nCREATE TABLE posts (\n\tid INTEGER NOT NULL, \n\ttitle VARCHAR(500) NOT NULL, \n\tdescription TEXT NOT NULL, \n\tsh...VARCHAR(200), \n\tapplication_url VARCHAR(1000), \n\tapplication_email VARCHAR(255), \n\tapplication_deadline DATETIME'
create_table_suffix = '', separator = ', \n', first_pk = True
create_column = <sqlalchemy.sql.ddl.CreateColumn object at 0x00000210B41FA210>

    def visit_create_table(self, create, **kw):
        table = create.element
        preparer = self.preparer
    
        text = "\nCREATE "
        if table._prefixes:
            text += " ".join(table._prefixes) + " "
    
        text += "TABLE "
        if create.if_not_exists:
            text += "IF NOT EXISTS "
    
        text += preparer.format_table(table) + " "
    
        create_table_suffix = self.create_table_suffix(table)
        if create_table_suffix:
            text += create_table_suffix + " "
    
        text += "("
    
        separator = "\n"
    
        # if only one primary key, specify it along with the column
        first_pk = False
        for create_column in create.columns:
            column = create_column.element
            try:
>               processed = self.process(
                    create_column, first_pk=column.primary_key and not first_pk
                )

..\..\..\AppData\Local\Programs\Python\Python311\Lib\site-packages\sqlalchemy\sql\compiler.py:6791: 
_ _ _ _ _ _ _ _ _ _ _ _ _ _ _ _ _ _ _ _ _ _ _ _ _ _ _ _ _ _ _ _ _ _ _ _ _ _ _ _
..\..\..\AppData\Local\Programs\Python\Python311\Lib\site-packages\sqlalchemy\sql\compiler.py:933: in process
    return obj._compiler_dispatch(self, **kwargs)
           ^^^^^^^^^^^^^^^^^^^^^^^^^^^^^^^^^^^^^^
..\..\..\AppData\Local\Programs\Python\Python311\Lib\site-packages\sqlalchemy\sql\visitors.py:138: in _compiler_dispatch
    return meth(self, **kw)  # type: ignore  # noqa: E501
           ^^^^^^^^^^^^^^^^
..\..\..\AppData\Local\Programs\Python\Python311\Lib\site-packages\sqlalchemy\sql\compiler.py:6822: in visit_create_column
    text = self.get_column_specification(column, first_pk=first_pk)
           ^^^^^^^^^^^^^^^^^^^^^^^^^^^^^^^^^^^^^^^^^^^^^^^^^^^^^^^^
..\..\..\AppData\Local\Programs\Python\Python311\Lib\site-packages\sqlalchemy\dialects\sqlite\base.py:1692: in get_column_specification
    coltype = self.dialect.type_compiler_instance.process(
..\..\..\AppData\Local\Programs\Python\Python311\Lib\site-packages\sqlalchemy\sql\compiler.py:978: in process
    return type_._compiler_dispatch(self, **kw)
           ^^^^^^^^^^^^^^^^^^^^^^^^^^^^^^^^^^^^
..\..\..\AppData\Local\Programs\Python\Python311\Lib\site-packages\sqlalchemy\sql\visitors.py:136: in _compiler_dispatch
    return visitor.visit_unsupported_compilation(self, err, **kw)  # type: ignore  # noqa: E501
           ^^^^^^^^^^^^^^^^^^^^^^^^^^^^^^^^^^^^^^^^^^^^^^^^^^^^^^
_ _ _ _ _ _ _ _ _ _ _ _ _ _ _ _ _ _ _ _ _ _ _ _ _ _ _ _ _ _ _ _ _ _ _ _ _ _ _ _

self = <sqlalchemy.dialects.sqlite.base.SQLiteTypeCompiler object at 0x00000210B40B9750>
element = ARRAY(String())
err = AttributeError("'SQLiteTypeCompiler' object has no attribute 'visit_ARRAY'")
kw = {'type_expression': Column('required_skills', ARRAY(String()), table=<posts>, comment='Required skills')}

    def visit_unsupported_compilation(
        self, element: Any, err: Exception, **kw: Any
    ) -> NoReturn:
>       raise exc.UnsupportedCompilationError(self, element) from err
E       sqlalchemy.exc.UnsupportedCompilationError: Compiler <sqlalchemy.dialects.sqlite.base.SQLiteTypeCompiler object at 0x00000210B40B9750> can't render element of type ARRAY (Background on this error at: https://sqlalche.me/e/20/l7de)

..\..\..\AppData\Local\Programs\Python\Python311\Lib\site-packages\sqlalchemy\sql\compiler.py:983: UnsupportedCompilationError

The above exception was the direct cause of the following exception:

self = <Coroutine test_full_flow>

    def setup(self) -> None:
        runner_fixture_id = f"_{self._loop_scope}_scoped_runner"
        if runner_fixture_id not in self.fixturenames:
            self.fixturenames.append(runner_fixture_id)
>       return super().setup()
               ^^^^^^^^^^^^^^^

..\..\..\AppData\Local\Programs\Python\Python311\Lib\site-packages\pytest_asyncio\plugin.py:458: 
_ _ _ _ _ _ _ _ _ _ _ _ _ _ _ _ _ _ _ _ _ _ _ _ _ _ _ _ _ _ _ _ _ _ _ _ _ _ _ _
..\..\..\AppData\Local\Programs\Python\Python311\Lib\site-packages\pytest_asyncio\plugin.py:743: in pytest_fixture_setup
    hook_result = yield
                  ^^^^^
..\..\..\AppData\Local\Programs\Python\Python311\Lib\site-packages\pytest_asyncio\plugin.py:313: in _asyncgen_fixture_wrapper
    result = runner.run(setup(), context=context)
             ^^^^^^^^^^^^^^^^^^^^^^^^^^^^^^^^^^^^
..\..\..\AppData\Local\Programs\Python\Python311\Lib\asyncio\runners.py:118: in run
    return self._loop.run_until_complete(task)
           ^^^^^^^^^^^^^^^^^^^^^^^^^^^^^^^^^^^
..\..\..\AppData\Local\Programs\Python\Python311\Lib\asyncio\base_events.py:650: in run_until_complete
    return future.result()
           ^^^^^^^^^^^^^^^
..\..\..\AppData\Local\Programs\Python\Python311\Lib\site-packages\pytest_asyncio\plugin.py:309: in setup
    res = await gen_obj.__anext__()
          ^^^^^^^^^^^^^^^^^^^^^^^^^
..\..\..\AppData\Local\Programs\Python\Python311\Lib\contextlib.py:222: in __aexit__
    await self.gen.athrow(typ, value, traceback)
..\..\..\AppData\Local\Programs\Python\Python311\Lib\site-packages\sqlalchemy\ext\asyncio\engine.py:1070: in begin
    yield conn
backend\tests\conftest.py:20: in db_session
    await conn.run_sync(Base.metadata.create_all)
..\..\..\AppData\Local\Programs\Python\Python311\Lib\site-packages\sqlalchemy\ext\asyncio\engine.py:888: in run_sync
    return await greenlet_spawn(
..\..\..\AppData\Local\Programs\Python\Python311\Lib\site-packages\sqlalchemy\util\_concurrency_py3k.py:203: in greenlet_spawn
    result = context.switch(value)
             ^^^^^^^^^^^^^^^^^^^^^
..\..\..\AppData\Local\Programs\Python\Python311\Lib\site-packages\sqlalchemy\sql\schema.py:5928: in create_all
    bind._run_ddl_visitor(
..\..\..\AppData\Local\Programs\Python\Python311\Lib\site-packages\sqlalchemy\engine\base.py:2467: in _run_ddl_visitor
    ).traverse_single(element)
      ^^^^^^^^^^^^^^^^^^^^^^^^
..\..\..\AppData\Local\Programs\Python\Python311\Lib\site-packages\sqlalchemy\sql\visitors.py:661: in traverse_single
    return meth(obj, **kw)
           ^^^^^^^^^^^^^^^
..\..\..\AppData\Local\Programs\Python\Python311\Lib\site-packages\sqlalchemy\sql\ddl.py:984: in visit_metadata
    self.traverse_single(
..\..\..\AppData\Local\Programs\Python\Python311\Lib\site-packages\sqlalchemy\sql\visitors.py:661: in traverse_single
    return meth(obj, **kw)
           ^^^^^^^^^^^^^^^
..\..\..\AppData\Local\Programs\Python\Python311\Lib\site-packages\sqlalchemy\sql\ddl.py:1022: in visit_table
    )._invoke_with(self.connection)
      ^^^^^^^^^^^^^^^^^^^^^^^^^^^^^
..\..\..\AppData\Local\Programs\Python\Python311\Lib\site-packages\sqlalchemy\sql\ddl.py:321: in _invoke_with
    return bind.execute(self)
           ^^^^^^^^^^^^^^^^^^
..\..\..\AppData\Local\Programs\Python\Python311\Lib\site-packages\sqlalchemy\engine\base.py:1419: in execute
    return meth(
..\..\..\AppData\Local\Programs\Python\Python311\Lib\site-packages\sqlalchemy\sql\ddl.py:187: in _execute_on_connection
    return connection._execute_ddl(
..\..\..\AppData\Local\Programs\Python\Python311\Lib\site-packages\sqlalchemy\engine\base.py:1527: in _execute_ddl
    compiled = ddl.compile(
..\..\..\AppData\Local\Programs\Python\Python311\Lib\site-packages\sqlalchemy\sql\elements.py:312: in compile
    return self._compiler(dialect, **kw)
           ^^^^^^^^^^^^^^^^^^^^^^^^^^^^^
..\..\..\AppData\Local\Programs\Python\Python311\Lib\site-packages\sqlalchemy\sql\ddl.py:76: in _compiler
    return dialect.ddl_compiler(dialect, self, **kw)
           ^^^^^^^^^^^^^^^^^^^^^^^^^^^^^^^^^^^^^^^^^
..\..\..\AppData\Local\Programs\Python\Python311\Lib\site-packages\sqlalchemy\sql\compiler.py:887: in __init__
    self.string = self.process(self.statement, **compile_kwargs)
                  ^^^^^^^^^^^^^^^^^^^^^^^^^^^^^^^^^^^^^^^^^^^^^^
..\..\..\AppData\Local\Programs\Python\Python311\Lib\site-packages\sqlalchemy\sql\compiler.py:933: in process
    return obj._compiler_dispatch(self, **kwargs)
           ^^^^^^^^^^^^^^^^^^^^^^^^^^^^^^^^^^^^^^
..\..\..\AppData\Local\Programs\Python\Python311\Lib\site-packages\sqlalchemy\sql\visitors.py:138: in _compiler_dispatch
    return meth(self, **kw)  # type: ignore  # noqa: E501
           ^^^^^^^^^^^^^^^^
_ _ _ _ _ _ _ _ _ _ _ _ _ _ _ _ _ _ _ _ _ _ _ _ _ _ _ _ _ _ _ _ _ _ _ _ _ _ _ _

self = <sqlalchemy.dialects.sqlite.base.SQLiteDDLCompiler object at 0x00000210B41FB2D0>
create = <sqlalchemy.sql.ddl.CreateTable object at 0x00000210B41E9050>, kw = {}
table = Table('posts', MetaData(), Column('id', Integer(), table=<posts>, primary_key=True, nullable=False), Column('title', S...ion Posts.<lambda> at 0x00000210B2FA7C40>)), Column('deleted_at', DateTime(timezone=True), table=<posts>), schema=None)
preparer = <sqlalchemy.dialects.sqlite.base.SQLiteIdentifierPreparer object at 0x00000210B40751D0>
text = '\nCREATE TABLE posts (\n\tid INTEGER NOT NULL, \n\ttitle VARCHAR(500) NOT NULL, \n\tdescription TEXT NOT NULL, \n\tsh...VARCHAR(200), \n\tapplication_url VARCHAR(1000), \n\tapplication_email VARCHAR(255), \n\tapplication_deadline DATETIME'
create_table_suffix = '', separator = ', \n', first_pk = True
create_column = <sqlalchemy.sql.ddl.CreateColumn object at 0x00000210B41FA210>

    def visit_create_table(self, create, **kw):
        table = create.element
        preparer = self.preparer
    
        text = "\nCREATE "
        if table._prefixes:
            text += " ".join(table._prefixes) + " "
    
        text += "TABLE "
        if create.if_not_exists:
            text += "IF NOT EXISTS "
    
        text += preparer.format_table(table) + " "
    
        create_table_suffix = self.create_table_suffix(table)
        if create_table_suffix:
            text += create_table_suffix + " "
    
        text += "("
    
        separator = "\n"
    
        # if only one primary key, specify it along with the column
        first_pk = False
        for create_column in create.columns:
            column = create_column.element
            try:
                processed = self.process(
                    create_column, first_pk=column.primary_key and not first_pk
                )
                if processed is not None:
                    text += separator
                    separator = ", \n"
                    text += "\t" + processed
                if column.primary_key:
                    first_pk = True
            except exc.CompileError as ce:
>               raise exc.CompileError(
                    "(in table '%s', column '%s'): %s"
                    % (table.description, column.name, ce.args[0])
                ) from ce
E               sqlalchemy.exc.CompileError: (in table 'posts', column 'required_skills'): Compiler <sqlalchemy.dialects.sqlite.base.SQLiteTypeCompiler object at 0x00000210B40B9750> can't render element of type ARRAY

..\..\..\AppData\Local\Programs\Python\Python311\Lib\site-packages\sqlalchemy\sql\compiler.py:6801: CompileError
============================== warnings summary ===============================
..\..\..\AppData\Local\Programs\Python\Python311\Lib\site-packages\pydantic\_internal\_config.py:323
..\..\..\AppData\Local\Programs\Python\Python311\Lib\site-packages\pydantic\_internal\_config.py:323
..\..\..\AppData\Local\Programs\Python\Python311\Lib\site-packages\pydantic\_internal\_config.py:323
..\..\..\AppData\Local\Programs\Python\Python311\Lib\site-packages\pydantic\_internal\_config.py:323
..\..\..\AppData\Local\Programs\Python\Python311\Lib\site-packages\pydantic\_internal\_config.py:323
..\..\..\AppData\Local\Programs\Python\Python311\Lib\site-packages\pydantic\_internal\_config.py:323
  C:\Users\mrabr\AppData\Local\Programs\Python\Python311\Lib\site-packages\pydantic\_internal\_config.py:323: PydanticDeprecatedSince20: Support for class-based `config` is deprecated, use ConfigDict instead. Deprecated in Pydantic V2.0 to be removed in V3.0. See Pydantic V2 Migration Guide at https://errors.pydantic.dev/2.11/migration/
    warnings.warn(DEPRECATION_MESSAGE, DeprecationWarning)

-- Docs: https://docs.pytest.org/en/stable/how-to/capture-warnings.html
=========================== short test summary info ===========================
ERROR backend\tests\test_flow.py::test_full_flow - sqlalchemy.exc.CompileErro...
======================== 6 warnings, 1 error in 9.12s =========================
